// 重构日志: a624c852
// 重构日志: d4b9f5e3
// 同步 ID: d1f9ed78 @ Thu Jul 16 14:40:31 UTC 2026
// 重构日志: 8f22562e
// 重构日志: 7eaa1021
// 同步 ID: a38570a6 @ Sat Jul 18 14:56:22 UTC 2026
// 重构日志: 1d5bd5ae
// 重构日志: 13dd8648
// 同步 ID: 7ce02433 @ Sun Jul 19 18:28:27 UTC 2026
// 重构日志: 412f3675
// 重构日志: e9a507a5
// 重构日志: f6620513
// 重构日志: 651b9004
// 重构日志: 61ff93af
// 重构日志: 82770f9f
// 重构日志: f2352bd1
// 重构日志: 8ec86e1c
// 重构日志: d13eccc9
// 重构日志: b0917b09
// 重构日志: 34111b4c
// 同步 ID: bcf5424b @ Sat Jul 25 22:51:15 UTC 2026
// 同步 ID: 639d314b @ Sun Jul 26 00:30:21 UTC 2026
// 重构日志: 0fe15d3e
// 同步 ID: f058616d @ Sun Jul 26 09:38:27 UTC 2026
// 重构日志: eb84a0ab
// 同步 ID: 86b26c9b @ Mon Jul 27 12:03:46 UTC 2026
// 重构日志: 5a9898bd
// 重构日志: 642ea38d
// 重构日志: be9e7ca9
// 同步 ID: 47b5ace3 @ Wed Jul 29 20:43:06 UTC 2026
